namespace: Compile
expectation: Pass
outputs:
- - compile:
    - initial_symbol_table: e03b4d8eaccf3cd016b4eb081690ba20dc331352711628cd8a2d3290c1995b9b
      type_checked_symbol_table: f002030b982fc51b61e7c8a8df5141139c28eece313f2f41a61052bed8c0ab79
      unrolled_symbol_table: f002030b982fc51b61e7c8a8df5141139c28eece313f2f41a61052bed8c0ab79
      initial_ast: 1b435ce8e4044d8a85f773295720a077da989d83a51608d296e4627d6fc8d3e9
      unrolled_ast: 1b435ce8e4044d8a85f773295720a077da989d83a51608d296e4627d6fc8d3e9
      ssa_ast: a9c1798902cc14427219a2cd1a4b8d4e9b68470e7a167647d8696c996f34a324
      flattened_ast: 4e25f9060a8fd7d625110ad7a1211938dcc8d1b85682c4f68db89c45e36abe75
      destructured_ast: 150dfd94218cd0042d61ab0e64d9ba9aa96982191cdbe8c0c038cc24bcf23332
      inlined_ast: 150dfd94218cd0042d61ab0e64d9ba9aa96982191cdbe8c0c038cc24bcf23332
      dce_ast: 150dfd94218cd0042d61ab0e64d9ba9aa96982191cdbe8c0c038cc24bcf23332
      bytecode: |
        program test.aleo;

        function main:
            input r0 as boolean.private;
            or true r0 into r1;
            output r1 as boolean.private;
      errors: ''
      warnings: ''
