namespace: Compile
expectation: Pass
outputs:
- - compile:
    - initial_symbol_table: 4375f89c84f3c5af7638400e3af00b6fa7e2f6037bb0187e656a11a4194f88f7
      type_checked_symbol_table: cc4199061e6b4fee63d122d69a41fd05dfe62c130708ced62e36373ec5a98f0e
      unrolled_symbol_table: cc4199061e6b4fee63d122d69a41fd05dfe62c130708ced62e36373ec5a98f0e
      initial_ast: 8deb064d633d0cee64e55886dbccdc46815a8a75c94cd751bd624a93d172bb99
      unrolled_ast: 8deb064d633d0cee64e55886dbccdc46815a8a75c94cd751bd624a93d172bb99
      ssa_ast: 523560043aa200e00ff32e6ae2a690ded25c551ca3421db0bb20b4c47719c327
      flattened_ast: 417272422d1b447526d47e67dfb5e8f0a98b8776144fd9107b26c9c04c0c63a8
      destructured_ast: 08be4756138c0a733a8d0471c5222434aacd45a66de287252d96b6d6c5880fb3
      inlined_ast: 08be4756138c0a733a8d0471c5222434aacd45a66de287252d96b6d6c5880fb3
      dce_ast: 3b8b422a6822c7e3b0db53d5124179b387f5b4b1fe231d93313b8f73eb43df76
      bytecode: |
        program test.aleo;

        struct Foo:
            a as u128;
            b as u128;

        function main:
            input r0 as i8.private;
            input r1 as i16.private;
            input r2 as i32.private;
            input r3 as i64.private;
            input r4 as u8.private;
            input r5 as u16.private;
            input r6 as u32.private;
            input r7 as u64.private;
            hash.sha3_512 aleo10qerras5799u6k7rjtc9y3hcwxuykr45qra7x7dp6jgnc0923czqm0lgta into r8 as i32;
            output r8 as i32.private;
      errors: ''
      warnings: ''
