namespace: Compile
expectation: Pass
outputs:
- - compile:
    - initial_symbol_table: 14d8cd29379818c60cbbcb22e1e328085dbda631550b835594a3d642e1c7429d
      type_checked_symbol_table: 17206c185dad1a3efcd80ea8b4e893b514257beb3d9fcadbdd75aef58977d795
      unrolled_symbol_table: 17206c185dad1a3efcd80ea8b4e893b514257beb3d9fcadbdd75aef58977d795
      initial_ast: ecd1783a08ebb34de50fb69b55fbe0c99294456867038c29865988b70384244f
      unrolled_ast: ecd1783a08ebb34de50fb69b55fbe0c99294456867038c29865988b70384244f
      ssa_ast: efae1e5dbbddee3d09403601f0d44a801358e04818d2647225008760e58be2db
      flattened_ast: 26e61e527a784189bfe049b8abf5359077da40985b8f85291f2524b36f997e48
      destructured_ast: 22e55f6c2a48a6ab503bcef7f1151dc6687b047ceed532f9bd9bd00edef3ba7a
      inlined_ast: 22e55f6c2a48a6ab503bcef7f1151dc6687b047ceed532f9bd9bd00edef3ba7a
      dce_ast: 5913bbafdad0ae6b6576152efde28b775930f9c3a42667866880ec2591bd495f
      bytecode: |
        program test.aleo;

        struct Foo:
            a as u128;
            b as u128;

        function main:
            input r0 as i8.private;
            input r1 as i16.private;
            input r2 as i32.private;
            input r3 as i64.private;
            input r4 as u8.private;
            input r5 as u16.private;
            input r6 as u32.private;
            input r7 as u64.private;
            hash.psd4 aleo10qerras5799u6k7rjtc9y3hcwxuykr45qra7x7dp6jgnc0923czqm0lgta into r8 as u64;
            output r8 as u64.private;
      errors: ''
      warnings: ''
