namespace: Compile
expectation: Pass
outputs:
- - compile:
    - initial_symbol_table: a32d8e2614c0c938f3045c99a5ae1a9435cd34da9c543bb2fd3b10e6128d9837
      type_checked_symbol_table: 8afab6b4e6604768c1db1398838c274386d1b3d4b526967bd16c3d2222866519
      unrolled_symbol_table: 8afab6b4e6604768c1db1398838c274386d1b3d4b526967bd16c3d2222866519
      initial_ast: 61fef7bc7d35be574e5f9353c089561c113afe14c755051cdfac56879b67b6f8
      unrolled_ast: 61fef7bc7d35be574e5f9353c089561c113afe14c755051cdfac56879b67b6f8
      ssa_ast: 5de3029f4a7bb61031f1852bcd6163cf8e40e10352746016f33aad682f810e5d
      flattened_ast: dd29a1fa78efcb5fa7e428276e9285105ffef017e43d8d4a3eee6a47d3604fab
      destructured_ast: 420edf1819b67e9e9e25822608379793a3aa7a9c85e858695c0349a6dbc34881
      inlined_ast: 420edf1819b67e9e9e25822608379793a3aa7a9c85e858695c0349a6dbc34881
      dce_ast: 3cd075a82acacaf50339ddc532e27e0504d7c337ae6468998c2d8e82f20bfe40
      bytecode: |
        program test.aleo;

        struct Foo:
            a as u128;
            b as u128;

        function main:
            input r0 as i8.private;
            input r1 as i16.private;
            input r2 as i32.private;
            input r3 as i64.private;
            input r4 as u8.private;
            input r5 as u16.private;
            input r6 as u32.private;
            input r7 as u64.private;
            hash.bhp1024 aleo10qerras5799u6k7rjtc9y3hcwxuykr45qra7x7dp6jgnc0923czqm0lgta into r8 as field;
            hash.bhp1024 1scalar into r9 as field;
            add r8 r9 into r10;
            output r10 as field.private;
      errors: ''
      warnings: ''
