namespace: Compile
expectation: Pass
outputs:
- - compile:
    - initial_symbol_table: a32d8e2614c0c938f3045c99a5ae1a9435cd34da9c543bb2fd3b10e6128d9837
      type_checked_symbol_table: 98151b61965a5ad83116770d19d69a429dbe167b4d4554ba1da8adddb45c6d11
      unrolled_symbol_table: 98151b61965a5ad83116770d19d69a429dbe167b4d4554ba1da8adddb45c6d11
      initial_ast: 296a2a744051d37632fe71b327a73e99b945f2c4d845f5904ce1e53572bc2088
      unrolled_ast: 296a2a744051d37632fe71b327a73e99b945f2c4d845f5904ce1e53572bc2088
      ssa_ast: ef15113bc5088ee7ca144c57d23ed30a9b9f8a4ac0b1aa28b5cce959ca646c2c
      flattened_ast: 3523e589592af0e598b64efaff56abc84a33af504a04c1f9eb361ba1792d36a4
      destructured_ast: 8963eb06c3a0eac3851d36b1cd0cc9b53ed215663e51dd2553b5bf0fbb0cb91a
      inlined_ast: 8963eb06c3a0eac3851d36b1cd0cc9b53ed215663e51dd2553b5bf0fbb0cb91a
      dce_ast: 55c12a97d35053d29f6d4210233920eb364c474383173cfecb07a89baad7d9eb
      bytecode: |
        program test.aleo;

        struct Foo:
            a as u128;
            b as u128;

        function main:
            input r0 as i8.private;
            input r1 as i16.private;
            input r2 as i32.private;
            input r3 as i64.private;
            input r4 as u8.private;
            input r5 as u16.private;
            input r6 as u32.private;
            input r7 as u64.private;
            output 1field as field.private;
      errors: ''
      warnings: ''
