namespace: Compile
expectation: Pass
outputs:
- - compile:
    - initial_symbol_table: 674860f890826b537e64938487bd497d978746e7e75ab99f8d3fa2a7976ef9d9
      type_checked_symbol_table: 631676e7c0c6d9c0b3d1bc1aaf4d64c480acc6da3b554cfdb08e9c1abfb6c21f
      unrolled_symbol_table: 631676e7c0c6d9c0b3d1bc1aaf4d64c480acc6da3b554cfdb08e9c1abfb6c21f
      initial_ast: a9aefd5a57ccd41ca80b73c28bcd3a2d0bda241029bcac325847adcd1008b416
      unrolled_ast: a9aefd5a57ccd41ca80b73c28bcd3a2d0bda241029bcac325847adcd1008b416
      ssa_ast: 84e4adf6612547e977e73135bc24d9429901e59b62d38d1d73f4a853f937a454
      flattened_ast: a19ddb4dad5f8cdd3998c461abddcbe6068a79e2450e97f883da0369ecb63c4a
      destructured_ast: c06bc8e693b71a3edbb318b2d3f1d86a30fa5d961fdd9d7fc0aaedea69bafb7d
      inlined_ast: c06bc8e693b71a3edbb318b2d3f1d86a30fa5d961fdd9d7fc0aaedea69bafb7d
      dce_ast: 462a747af8a5e530c25ad8444ade3c8982057c1341ff0ed73d1712df97b33f17
      bytecode: |
        program test.aleo;

        struct Foo:
            a as u128;
            b as u128;

        function main:
            input r0 as i8.private;
            input r1 as i16.private;
            input r2 as i32.private;
            input r3 as i64.private;
            input r4 as u8.private;
            input r5 as u16.private;
            input r6 as u32.private;
            input r7 as u64.private;
            hash.sha3_256 aleo10qerras5799u6k7rjtc9y3hcwxuykr45qra7x7dp6jgnc0923czqm0lgta into r8 as u128;
            output r8 as u128.private;
      errors: ''
      warnings: ''
