namespace: Compile
expectation: Pass
outputs:
- - compile:
    - initial_symbol_table: 1624ae6ba198cc50d30c89cdb72e7778cc9136d41afdc874630dd91ac8fa465e
      type_checked_symbol_table: 645b5d0be66ad8c24a8cd15eae713f77763e4532da9976b55c767dc9e4575355
      unrolled_symbol_table: 645b5d0be66ad8c24a8cd15eae713f77763e4532da9976b55c767dc9e4575355
      initial_ast: 43678a1aa93fc7c3820ff56d5a63818c81ebc5e4c639cfac968b5ee487cf79b2
      unrolled_ast: 43678a1aa93fc7c3820ff56d5a63818c81ebc5e4c639cfac968b5ee487cf79b2
      ssa_ast: 2948122e4b02f36dd806cde869cca46a2494261f02f09f97f5f4f37e2700fb14
      flattened_ast: d1db8ec275e74bd5dbc32935b87170a99f681423536f08ee952e474c76f580e2
      destructured_ast: ca86883d13783d288988a97e7d628bb8c61329dcbf2fa2d54176286e48191c20
      inlined_ast: 21a4ec7174456773b1c858ad63e22dd69835cbc9b16855f277d06f2f48de870c
      dce_ast: 21a4ec7174456773b1c858ad63e22dd69835cbc9b16855f277d06f2f48de870c
      bytecode: |
        program test.aleo;

        function make_move:
            input r0 as u32.private;
            input r1 as u8.private;
            shl 1u32 r1 into r2;
            and r0 r2 into r3;
            gt r3 0u32 into r4;
            ternary r4 2u8 1u8 into r5;
            output r5 as u8.private;
      errors: ''
      warnings: ''
