namespace: Compile
expectation: Pass
outputs:
- - compile:
    - initial_symbol_table: 368da9bd20b2f0534d8bf457e7829d72f7a4fb99162ce204c60e1341454445bc
      type_checked_symbol_table: 8f995e87e0ebb5498ffa85fdee0a9fb86af46c6af7696163f8c68bf1e30d8b19
      unrolled_symbol_table: 8f995e87e0ebb5498ffa85fdee0a9fb86af46c6af7696163f8c68bf1e30d8b19
      initial_ast: 5158ab59e76691bc9dc7308772f454480333ab6c9f0d129ef7a40b6ab7cf5ce3
      unrolled_ast: 5158ab59e76691bc9dc7308772f454480333ab6c9f0d129ef7a40b6ab7cf5ce3
      ssa_ast: dfa7d8271a74c497fa9d39f2b5c461d38b95fb5b713cbc750a774da93abbc259
      flattened_ast: 0b57da3e04d35a6a070eddb0b8d095622239930cf4f3b426c5acc006e621e75d
      destructured_ast: 42bc931a1e84974a2273b697d3a4300a520d4c2f8c4c6e70ff349b1dbc656a01
      inlined_ast: 42bc931a1e84974a2273b697d3a4300a520d4c2f8c4c6e70ff349b1dbc656a01
      dce_ast: ed31fa75248372b4f4867192e2aa3ffdad4ca63b97edac35c15d7e5b676a192b
      bytecode: |
        program test.aleo;

        struct Foo:
            a as u128;
            b as u128;

        function main:
            input r0 as i8.private;
            input r1 as i16.private;
            input r2 as i32.private;
            input r3 as i64.private;
            input r4 as u8.private;
            input r5 as u16.private;
            input r6 as u32.private;
            input r7 as u64.private;
            hash.psd8 aleo10qerras5799u6k7rjtc9y3hcwxuykr45qra7x7dp6jgnc0923czqm0lgta into r8 as u32;
            output r8 as u32.private;
      errors: ''
      warnings: ''
