namespace: Compile
expectation: Pass
outputs:
- - compile:
    - initial_symbol_table: 09015171da9cd92d49fd25eee135cae84b128f540bd8573d1f40ce47bbcb7db5
      type_checked_symbol_table: c5096dd6d8aabe6fe5380fa2cf7fb74232ba23e16bccce3b00fca030cb822923
      unrolled_symbol_table: c5096dd6d8aabe6fe5380fa2cf7fb74232ba23e16bccce3b00fca030cb822923
      initial_ast: b25fb77b11b643939ed5c49d9139f0b98e96d93c0f41b826e84098e6f32fdacc
      unrolled_ast: b25fb77b11b643939ed5c49d9139f0b98e96d93c0f41b826e84098e6f32fdacc
      ssa_ast: feb8df3f031d4decc90b8829832727392a126a6c90abfad1fa669409d2f401e3
      flattened_ast: 14cf66577cc0b3311f383d839cd56eca91d4281360ecfd56d23e65e8c162db84
      destructured_ast: 5de4d1ec25088a606ebc07ee80750f90ffee00c4eaab2453c9b61cd4a8023c2d
      inlined_ast: 5de4d1ec25088a606ebc07ee80750f90ffee00c4eaab2453c9b61cd4a8023c2d
      dce_ast: 6bface0a7e45eeb927840757fb12fffb19bce9e27b13722ce5f093b3d37732dc
      bytecode: |
        program test.aleo;

        struct Foo:
            a as u128;
            b as u128;

        function main:
            input r0 as i8.private;
            input r1 as i16.private;
            input r2 as i32.private;
            input r3 as i64.private;
            input r4 as u8.private;
            input r5 as u16.private;
            input r6 as u32.private;
            input r7 as u64.private;
            hash.keccak384 aleo10qerras5799u6k7rjtc9y3hcwxuykr45qra7x7dp6jgnc0923czqm0lgta into r8 as i64;
            output r8 as i64.private;
      errors: ''
      warnings: ''
