namespace: Compile
expectation: Pass
outputs:
- - compile:
    - initial_symbol_table: 4375f89c84f3c5af7638400e3af00b6fa7e2f6037bb0187e656a11a4194f88f7
      type_checked_symbol_table: cc4199061e6b4fee63d122d69a41fd05dfe62c130708ced62e36373ec5a98f0e
      unrolled_symbol_table: cc4199061e6b4fee63d122d69a41fd05dfe62c130708ced62e36373ec5a98f0e
      initial_ast: bfdbedeeb92b1ee61047a14fa9252a847fb77b08fb50da440dd49b7f017a8cbd
      unrolled_ast: bfdbedeeb92b1ee61047a14fa9252a847fb77b08fb50da440dd49b7f017a8cbd
      ssa_ast: 59fff31af3a3c47401e51244a03bb5361e206db9ca04ad5a27747248e61c349a
      flattened_ast: ba3930860561f29fd19c13519e18579898367dfe36e76899ee828d35bce22083
      destructured_ast: 5a71c107177d2737debd76da247e6d2abff590bd071d6c012266de2c5a1dac5b
      inlined_ast: 5a71c107177d2737debd76da247e6d2abff590bd071d6c012266de2c5a1dac5b
      dce_ast: e2aa83f4debfdf0d05e13d08c0b87e1465e67f549f1b27454aabe26920e3babd
      bytecode: |
        program test.aleo;

        struct Foo:
            a as u128;
            b as u128;

        function main:
            input r0 as i8.private;
            input r1 as i16.private;
            input r2 as i32.private;
            input r3 as i64.private;
            input r4 as u8.private;
            input r5 as u16.private;
            input r6 as u32.private;
            input r7 as u64.private;
            hash.keccak384 aleo10qerras5799u6k7rjtc9y3hcwxuykr45qra7x7dp6jgnc0923czqm0lgta into r8 as i32;
            output r8 as i32.private;
      errors: ''
      warnings: ''
