namespace: Compile
expectation: Fail
outputs:
- |
  Error [ETYC0372003]: Expected type `()` but type `test_credits` was found
      --> compiler-test:10:16
       |
    10 |         return test_credits {
       |                ^^^^^^^^^^^^
