namespace: Compile
expectation: Fail
outputs:
- "Error [ETYC0372008]: The value 170141183460469231731687303715884105728 is not a valid `i128`\n    --> compiler-test:5:23\n     |\n   5 |         let a: i128 = 170141183460469231731687303715884105728i128;\n     |                       ^^^^^^^^^^^^^^^^^^^^^^^^^^^^^^^^^^^^^^^^^^^\nError [ETYC0372083]: A program must have at least one transition function.\n    --> compiler-test:1:1\n     |\n   1 | \n   2 | \n   3 | program test.aleo {    \n     | ^^^^^^^^^^^^\n"
