---
namespace: Compile
expectation: Pass
outputs:
  - - compile:
        - initial_symbol_table: 66703eae3479604c1a104dc3c3af1a26534eeffe6335c531fe469d81de678319
          type_checked_symbol_table: f04452b4c2a5db1ac0b43238630adb909715a44c615f9398fa39e6d147b49ca3
          unrolled_symbol_table: f04452b4c2a5db1ac0b43238630adb909715a44c615f9398fa39e6d147b49ca3
          initial_ast: 3df7b9a949257350f916becc6ed1f80661167308aa185a0c17c2a566ec76f595
          unrolled_ast: 3df7b9a949257350f916becc6ed1f80661167308aa185a0c17c2a566ec76f595
          ssa_ast: 3d1f1c8bc39d267e379c50872cc3bcc33e560779b169afc0613378ac48a76f81
          flattened_ast: 56ef2daacc74311d0d41443e80dd169f2e0298f5f32face6727494e1eb365216
          destructured_ast: af3214ef7b03eab5b77dd73e565704332c8b0d2243c74d08a69e31da10eb80b6
          inlined_ast: af3214ef7b03eab5b77dd73e565704332c8b0d2243c74d08a69e31da10eb80b6
          dce_ast: af3214ef7b03eab5b77dd73e565704332c8b0d2243c74d08a69e31da10eb80b6
          bytecode: a08b4b1bd7545be176cf1810786db503dbd0ac4cbb76bba3a625daefa762e8ce
          errors: ""
          warnings: ""
