namespace: Compile
expectation: Pass
outputs:
- - compile:
    - initial_symbol_table: ef5cbe43fd02c4bdf9de14a42e77c7f1635e0ee8df54b45b71d9a82bae42e8eb
      type_checked_symbol_table: 85e41486c103f9351c482a271ae2cc9e89eb37b36a50f786bff51feaf6537034
      unrolled_symbol_table: 85e41486c103f9351c482a271ae2cc9e89eb37b36a50f786bff51feaf6537034
      initial_ast: ad760a62ddcf6370800d4319ce4b0c48832cdf7442c2ad6b2fc244b7d9c8bbd7
      unrolled_ast: ad760a62ddcf6370800d4319ce4b0c48832cdf7442c2ad6b2fc244b7d9c8bbd7
      ssa_ast: 5f2251b6411d4843954be231b25beee450771b068de30ca66cdcbd0f6b371357
      flattened_ast: aba52a6d70cd6fc0ae608ca6853b8e41b720ce3ff7b4d67274c92e35d2269749
      destructured_ast: c2c04fdc548c372848fb69f8201af5a5657d8acbceb2ef7bea7a109ece2e9851
      inlined_ast: 663c8ee124bbb7a55247b2f5ce18443687e3262f9874bad35f21f65dbbf09a83
      dce_ast: 663c8ee124bbb7a55247b2f5ce18443687e3262f9874bad35f21f65dbbf09a83
      bytecode: |
        program test.aleo;

        function main:
            input r0 as u16.private;
            async main r0 into r1;
            output r1 as test.aleo/main.future;

        finalize main:
            input r0 as u16.public;
            assert.eq 1u16 network.id;
            assert.eq r0 network.id;
            assert.eq network.id network.id;
      errors: ''
      warnings: ''
